CO2 Bike Calculator - Test Log
Started: Wed Nov 12 15:06:47 UTC 2025
================================================================================

Installing dependencies...
WARNING: Running pip as the 'root' user can result in broken permissions and conflicting behaviour with the system package manager. It is recommended to use a virtual environment instead: https://pip.pypa.io/warnings/venv

[notice] A new release of pip is available: 24.0 -> 25.3
[notice] To update, run: pip install --upgrade pip
Starting Flask server...
Server started with PID: 20708

================================================================================
API Tests
================================================================================

[TEST] Health check
Status: PASS
Output:
{"provider":"MEVO","status":"OK"}

[TEST] Nearby stations (Gdansk)
Status: PASS
Output:
{"count":68,"stations":[{"bikes_available":1,"distance_km":1.08,"docks_available":9,"id":"5959","is_available":true,"location":{"latitude":54.34258,"longitude":18.64245},"name":"GDA418","provider":"MEVO","type":"bike"},{"bikes_available":10,"distance_km":1.28,"docks_available":0,"id":"5956","is_available":true,"location":{"latitude":54.340498,"longitude":18.64718},"name":"GDA415","provider":"MEVO","type":"bike"},{"bikes_available":2,"distance_km":1.95,"docks_available":7,"id":"5855","is_available":true,"location":{"latitude":54.36891347813861,"longitude":18.638709407333124},"name":"GDA401","provider":"MEVO","type":"bike"},{"bikes_available":2,"distance_km":1.87,"docks_available":7,"id":"5718","is_available":true,"location":{"latitude":54.3668,"longitude":18.63276},"name":"GDA392","provider":"MEVO","type":"bike"},{"bikes_available":3,"distance_km":1.82,"docks_available":13,"id":"4919","is_available":true,"location":{"latitude":54.34207,"longitude":18.66896},"name":"GDA382","provider":"MEVO","type":"bike"},{"bikes_available":7,"distance_km":1.31,"docks_available":43,"id":"4906","is_available":true,"location":{"latitude":54.36375,"longitude":18.64732},"name":"GDA372","provider":"MEVO","type":"bike"},{"bikes_available":4,"distance_km":0.62,"docks_available":46,"id":"4680","is_available":true,"location":{"latitude":54.34861612050537,"longitude":18.654126563829493},"name":"OMGGS","provider":"MEVO","type":"bike"},{"bikes_available":2,"distance_km":1.58,"docks_available":7,"id":"4021","is_available":true,"location":{"latitude":54.362416,"longitude":18.629916},"name":"GDA193","provider":"MEVO","type":"bike"},{"bikes_available":1,"distance_km":1.83,"docks_available":9,"id":"4024","is_available":true,"location":{"latitude":54.3565491,"longitude":18.6194251},"name":"GDA196","provider":"MEVO","type":"bike"},{"bikes_available":1,"distance_km":1.88,"docks_available":9,"id":"4058","is_available":true,"location":{"latitude":54.3486984,"longitude":18.6182183},"name":"GDA230","provider":"MEVO","type":"bike"},{"bikes_available":3,"distance_km":1.43,"docks_available":6,"id":"4059","is_available":true,"location":{"latitude":54.3491765,"longitude":18.6250098},"name":"GDA231","provider":"MEVO","type":"bike"},{"bikes_available":3,"distance_km":1.28,"docks_available":7,"id":"4060","is_available":true,"location":{"latitude":54.3580385,"longitude":18.6297944},"name":"GDA232","provider":"MEVO","type":"bike"},{"bikes_available":7,"distance_km":0.68,"docks_available":3,"id":"4061","is_available":true,"location":{"latitude":54.3566643,"longitude":18.6398094},"name":"GDA233","provider":"MEVO","type":"bike"},{"bikes_available":5,"distance_km":0.89,"docks_available":4,"id":"4062","is_available":true,"location":{"latitude":54.3538696,"longitude":18.633203},"name":"GDA234","provider":"MEVO","type":"bike"},{"bikes_available":12,"distance_km":0.97,"docks_available":0,"id":"4063","is_available":true,"location":{"latitude":54.3506312,"longitude":18.6317593},"name":"GDA235","provider":"MEVO","type":"bike"},{"bikes_available":3,"distance_km":0.64,"docks_available":7,"id":"4064","is_available":true,"location":{"latitude":54.3515382,"longitude":18.6367922},"name":"GDA236","provider":"MEVO","type":"bike"},{"bikes_available":3,"distance_km":1.03,"docks_available":7,"id":"4066","is_available":true,"location":{"latitude":54.3607214,"longitude":18.6412126},"name":"GDA238","provider":"MEVO","type":"bike"},{"bikes_available":7,"distance_km":1.07,"docks_available":3,"id":"4067","is_available":true,"location":{"latitude":54.3613583,"longitude":18.6506061},"name":"GDA239","provider":"MEVO","type":"bike"},{"bikes_available":1,"distance_km":0.95,"docks_available":9,"id":"4068","is_available":true,"location":{"latitude":54.3603513,"longitude":18.6498145},"name":"GDA240","provider":"MEVO","type":"bike"},{"bikes_available":7,"distance_km":0.65,"docks_available":3,"id":"4069","is_available":true,"location":{"latitude":54.3578161,"longitude":18.6473732},"name":"GDA241","provider":"MEVO","type":"bike"},{"bikes_available":2,"distance_km":0.69,"docks_available":7,"id":"4070","is_available":true,"location":{"latitude":54.3577167,"longitude":18.6505507},"name":"GDA242","provider":"MEVO","type":"bike"},{"bikes_available":11,"distance_km":0.85,"docks_available":0,"id":"4071","is_available":true,"location":{"latitude":54.3585179,"longitude":18.6535883},"name":"GDA243","provider":"MEVO","type":"bike"},{"bikes_available":7,"distance_km":0.62,"docks_available":2,"id":"4072","is_available":true,"location":{"latitude":54.3567103,"longitude":18.6518141},"name":"GDA244","provider":"MEVO","type":"bike"},{"bikes_available":13,"distance_km":0.46,"docks_available":0,"id":"4073","is_available":true,"location":{"latitude":54.3558803,"longitude":18.6490781},"name":"GDA245","provider":"MEVO","type":"bike"},{"bikes_available":9,"distance_km":0.54,"docks_available":1,"id":"4074","is_available":true,"location":{"latitude":54.35638854173584,"longitude":18.64305009951181},"name":"GDA246","provider":"MEVO","type":"bike"},{"bikes_available":9,"distance_km":0.41,"docks_available":0,"id":"4076","is_available":true,"location":{"latitude":54.355590626535445,"longitude":18.64514977432239},"name":"GDA248","provider":"MEVO","type":"bike"},{"bikes_available":4,"distance_km":0.41,"docks_available":6,"id":"4077","is_available":true,"location":{"latitude":54.3556952,"longitude":18.6460014},"name":"GDA249","provider":"MEVO","type":"bike"},{"bikes_available":9,"distance_km":0.36,"docks_available":0,"id":"4078","is_available":true,"location":{"latitude":54.3552216,"longitude":18.6460994},"name":"GDA250","provider":"MEVO","type":"bike"},{"bikes_available":3,"distance_km":0.26,"docks_available":7,"id":"4079","is_available":true,"location":{"latitude":54.3543159,"longitude":18.6463379},"name":"GDA251","provider":"MEVO","type":"bike"},{"bikes_available":6,"distance_km":0.07,"docks_available":3,"id":"4080","is_available":true,"location":{"latitude":54.3521686,"longitude":18.6455638},"name":"GDA252","provider":"MEVO","type":"bike"},{"bikes_available":8,"distance_km":0.18,"docks_available":1,"id":"4081","is_available":true,"location":{"latitude":54.35253,"longitude":18.6492476},"name":"GDA253","provider":"MEVO","type":"bike"},{"bikes_available":10,"distance_km":0.35,"docks_available":0,"id":"4082","is_available":true,"location":{"latitude":54.35441068543071,"longitude":18.650002922138015},"name":"GDA254","provider":"MEVO","type":"bike"},{"bikes_available":16,"distance_km":0.42,"docks_available":0,"id":"4083","is_available":true,"location":{"latitude":54.3532291,"longitude":18.6527757},"name":"GDA255","provider":"MEVO","type":"bike"},{"bikes_available":3,"distance_km":0.61,"docks_available":7,"id":"4084","is_available":true,"location":{"latitude":54.354789,"longitude":18.6547502},"name":"GDA256","provider":"MEVO","type":"bike"},{"bikes_available":6,"distance_km":0.71,"docks_available":4,"id":"4085","is_available":true,"location":{"latitude":54.3551761,"longitude":18.6560876},"name":"GDA257","provider":"MEVO","type":"bike"},{"bikes_available":13,"distance_km":1.06,"docks_available":0,"id":"4086","is_available":true,"location":{"latitude":54.3569376,"longitude":18.6605458},"name":"GDA258","provider":"MEVO","type":"bike"},{"bikes_available":9,"distance_km":0.73,"docks_available":1,"id":"4087","is_available":true,"location":{"latitude":54.353756739981065,"longitude":18.657487939397782},"name":"GDA259","provider":"MEVO","type":"bike"},{"bikes_available":9,"distance_km":0.52,"docks_available":1,"id":"4088","is_available":true,"location":{"latitude":54.35280495719351,"longitude":18.654533739793635},"name":"GDA260","provider":"MEVO","type":"bike"},{"bikes_available":4,"distance_km":0.7,"docks_available":6,"id":"4089","is_available":true,"location":{"latitude":54.3522016,"longitude":18.6574222},"name":"GDA261","provider":"MEVO","type":"bike"},{"bikes_available":3,"distance_km":0.3,"docks_available":7,"id":"4090","is_available":true,"location":{"latitude":54.351767,"longitude":18.651163},"name":"GDA262","provider":"MEVO","type":"bike"},{"bikes_available":6,"distance_km":0.49,"docks_available":3,"id":"4091","is_available":true,"location":{"latitude":54.35114242076969,"longitude":18.65395024973327},"name":"GDA263","provider":"MEVO","type":"bike"},{"bikes_available":12,"distance_km":0.61,"docks_available":0,"id":"4092","is_available":true,"location":{"latitude":54.350881160416314,"longitude":18.65580671467039},"name":"GDA264","provider":"MEVO","type":"bike"},{"bikes_available":8,"distance_km":0.34,"docks_available":1,"id":"4093","is_available":true,"location":{"latitude":54.3507136,"longitude":18.6513221},"name":"GDA265","provider":"MEVO","type":"bike"},{"bikes_available":18,"distance_km":0.2,"docks_available":0,"id":"4094","is_available":true,"location":{"latitude":54.3501741,"longitude":18.646418},"name":"GDA266","provider":"MEVO","type":"bike"},{"bikes_available":18,"distance_km":0.19,"docks_available":0,"id":"4095","is_available":true,"location":{"latitude":54.3504871,"longitude":18.6452964},"name":"GDA267","provider":"MEVO","type":"bike"},{"bikes_available":12,"distance_km":0.21,"docks_available":987,"id":"4096","is_available":true,"location":{"latitude":54.3503531,"longitude":18.6483054},"name":"GDA268","provider":"MEVO","type":"bike"},{"bikes_available":11,"distance_km":0.38,"docks_available":0,"id":"4097","is_available":true,"location":{"latitude":54.34873,"longitude":18.64836},"name":"GDA269","provider":"MEVO","type":"bike"},{"bikes_available":6,"distance_km":0.42,"docks_available":4,"id":"4098","is_available":true,"location":{"latitude":54.34905526381269,"longitude":18.650698803123674},"name":"GDA270","provider":"MEVO","type":"bike"},{"bikes_available":4,"distance_km":0.71,"docks_available":6,"id":"4099","is_available":true,"location":{"latitude":54.34873195166085,"longitude":18.65602720780805},"name":"GDA271","provider":"MEVO","type":"bike"},{"bikes_available":2,"distance_km":0.76,"docks_available":7,"id":"4100","is_available":true,"location":{"latitude":54.34783842335048,"longitude":18.655876264589523},"name":"GDA272","provider":"MEVO","type":"bike"},{"bikes_available":6,"distance_km":0.92,"docks_available":3,"id":"4101","is_available":true,"location":{"latitude":54.345832,"longitude":18.656115},"name":"GDA273","provider":"MEVO","type":"bike"},{"bikes_available":4,"distance_km":0.69,"docks_available":6,"id":"4102","is_available":true,"location":{"latitude":54.3472795,"longitude":18.6535085},"name":"GDA274","provider":"MEVO","type":"bike"},{"bikes_available":6,"distance_km":0.5,"docks_available":4,"id":"4103","is_available":true,"location":{"latitude":54.3476185,"longitude":18.6446368},"name":"GDA275","provider":"MEVO","type":"bike"},{"bikes_available":30,"distance_km":0.74,"docks_available":0,"id":"4104","is_available":true,"location":{"latitude":54.3453550005172,"longitude":18.6457276062321},"name":"GDA276","provider":"MEVO","type":"bike"},{"bikes_available":10,"distance_km":0.7,"docks_available":0,"id":"4105","is_available":true,"location":{"latitude":54.3457448,"longitude":18.6481569},"name":"GDA277","provider":"MEVO","type":"bike"},{"bikes_available":12,"distance_km":0.89,"docks_available":0,"id":"4106","is_available":true,"location":{"latitude":54.3439738,"longitude":18.6470072},"name":"GDA278","provider":"MEVO","type":"bike"},{"bikes_available":16,"distance_km":0.89,"docks_available":0,"id":"4107","is_available":true,"location":{"latitude":54.3441829,"longitude":18.649756},"name":"GDA279","provider":"MEVO","type":"bike"},{"bikes_available":2,"distance_km":1.01,"docks_available":8,"id":"4108","is_available":true,"location":{"latitude":54.3443345,"longitude":18.6550865},"name":"GDA280","provider":"MEVO","type":"bike"},{"bikes_available":13,"distance_km":1.29,"docks_available":0,"id":"4110","is_available":true,"location":{"latitude":54.3415569,"longitude":18.655101},"name":"GDA282","provider":"MEVO","type":"bike"},{"bikes_available":6,"distance_km":1.46,"docks_available":4,"id":"4111","is_available":true,"location":{"latitude":54.3405042,"longitude":18.6573326},"name":"GDA283","provider":"MEVO","type":"bike"},{"bikes_available":10,"distance_km":1.82,"docks_available":0,"id":"4112","is_available":true,"location":{"latitude":54.3356972,"longitude":18.6491868},"name":"GDA284","provider":"MEVO","type":"bike"},{"bikes_available":3,"distance_km":0.88,"docks_available":6,"id":"4113","is_available":true,"location":{"latitude":54.35037575579551,"longitude":18.659941794167196},"name":"GDA285","provider":"MEVO","type":"bike"},{"bikes_available":3,"distance_km":1.05,"docks_available":7,"id":"4114","is_available":true,"location":{"latitude":54.347325250323905,"longitude":18.660765359329503},"name":"GDA286","provider":"MEVO","type":"bike"},{"bikes_available":3,"distance_km":1.3,"docks_available":6,"id":"4115","is_available":true,"location":{"latitude":54.34783843568192,"longitude":18.665273493345865},"name":"GDA287","provider":"MEVO","type":"bike"},{"bikes_available":1,"distance_km":1.58,"docks_available":9,"id":"4117","is_available":true,"location":{"latitude":54.3479098,"longitude":18.6699327},"name":"GDA289","provider":"MEVO","type":"bike"},{"bikes_available":3,"distance_km":1.85,"docks_available":7,"id":"4118","is_available":true,"location":{"latitude":54.3494539,"longitude":18.6747854},"name":"GDA290","provider":"MEVO","type":"bike"},{"bikes_available":7,"distance_km":1.65,"docks_available":3,"id":"4119","is_available":true,"location":{"latitude":54.3522295,"longitude":18.6721159},"name":"GDA291","provider":"MEVO","type":"bike"},{"bikes_available":2,"distance_km":1.73,"docks_available":8,"id":"4126","is_available":true,"location":{"latitude":54.3421485,"longitude":18.6259639},"name":"GDA298","provider":"MEVO","type":"bike"}],"success":true}

[TEST] CO2 calculation (Gdansk route)
Status: PASS
Output:
{"closest_vehicle":{"bikes_available":1,"distance_km":1.08,"docks_available":9,"id":"5959","is_available":true,"location":{"latitude":54.34258,"longitude":18.64245},"name":"GDA418","provider":"MEVO","type":"bike"},"co2_savings_kg":0.763,"distance_km":6.36,"environmental_impact":{"co2_per_km_car_grams":120,"co2_saved_grams":763,"equivalent_trees":36.34},"message":"By choosing a bike instead of a car for this 6.36km trip, you save approximately 0.76kg of CO2 emissions!","success":true,"travel_times":{"bike_minutes":"25 minutes","car_minutes":"9 minutes"}}

================================================================================
All systems running!
Ended: Wed Nov 12 15:07:03 UTC 2025
================================================================================
